// Jest Snapshot v1, https://goo.gl/fbAQLP

exports[`Breadcrumb should render breadcrumbs 1`] = `
<Breadcrumb
  categories={
    Array [
      Object {
        "id": 42,
        "name": "The answer to everything",
      },
      Object {
        "id": 86,
        "name": "Maxwell Smart",
      },
    ]
  }
>
  <styled.div>
    <StyledComponent
      forwardedComponent={
        Object {
          "$$typeof": Symbol(react.forward_ref),
          "attrs": Array [],
          "componentStyle": ComponentStyle {
            "componentId": "sc-bdVaJa",
            "isStatic": true,
            "lastClassName": "cxEVoG",
            "rules": Array [
              "
  max-width: 1200px;
  width: 100%;
  margin: auto;
  padding: 20px 0;
  display: flex;
",
            ],
          },
          "displayName": "styled.div",
          "foldedComponentIds": Array [],
          "render": [Function],
          "styledComponentId": "sc-bdVaJa",
          "target": "div",
          "toString": [Function],
          "warnTooManyClasses": [Function],
          "withComponent": [Function],
        }
      }
      forwardedRef={null}
    >
      <div
        className="sc-bdVaJa cxEVoG"
      >
        <styled.div
          key="42"
        >
          <StyledComponent
            forwardedComponent={
              Object {
                "$$typeof": Symbol(react.forward_ref),
                "attrs": Array [],
                "componentStyle": ComponentStyle {
                  "componentId": "sc-bwzfXH",
                  "isStatic": true,
                  "lastClassName": "fuoGiD",
                  "rules": Array [
                    "
  display: flex;

  i {
    font-style: normal;
    padding: 0 5px;
    display: flex;
    align-items: center;
  }

  div {
    cursor: pointer;
  }
",
                  ],
                },
                "displayName": "styled.div",
                "foldedComponentIds": Array [],
                "render": [Function],
                "styledComponentId": "sc-bwzfXH",
                "target": "div",
                "toString": [Function],
                "warnTooManyClasses": [Function],
                "withComponent": [Function],
              }
            }
            forwardedRef={null}
          >
            <div
              className="sc-bwzfXH fuoGiD"
            >
              <div>
                The answer to everything
              </div>
            </div>
          </StyledComponent>
        </styled.div>
        <styled.div
          key="86"
        >
          <StyledComponent
            forwardedComponent={
              Object {
                "$$typeof": Symbol(react.forward_ref),
                "attrs": Array [],
                "componentStyle": ComponentStyle {
                  "componentId": "sc-bwzfXH",
                  "isStatic": true,
                  "lastClassName": "fuoGiD",
                  "rules": Array [
                    "
  display: flex;

  i {
    font-style: normal;
    padding: 0 5px;
    display: flex;
    align-items: center;
  }

  div {
    cursor: pointer;
  }
",
                  ],
                },
                "displayName": "styled.div",
                "foldedComponentIds": Array [],
                "render": [Function],
                "styledComponentId": "sc-bwzfXH",
                "target": "div",
                "toString": [Function],
                "warnTooManyClasses": [Function],
                "withComponent": [Function],
              }
            }
            forwardedRef={null}
          >
            <div
              className="sc-bwzfXH fuoGiD"
            >
              <i
                className="breadcrumb-chevron"
              />
              <div>
                Maxwell Smart
              </div>
            </div>
          </StyledComponent>
        </styled.div>
      </div>
    </StyledComponent>
  </styled.div>
</Breadcrumb>
`;

exports[`Breadcrumb should render empty component 1`] = `
<Breadcrumb
  categories={Array []}
>
  <styled.div>
    <StyledComponent
      forwardedComponent={
        Object {
          "$$typeof": Symbol(react.forward_ref),
          "attrs": Array [],
          "componentStyle": ComponentStyle {
            "componentId": "sc-bdVaJa",
            "isStatic": true,
            "lastClassName": "cxEVoG",
            "rules": Array [
              "
  max-width: 1200px;
  width: 100%;
  margin: auto;
  padding: 20px 0;
  display: flex;
",
            ],
          },
          "displayName": "styled.div",
          "foldedComponentIds": Array [],
          "render": [Function],
          "styledComponentId": "sc-bdVaJa",
          "target": "div",
          "toString": [Function],
          "warnTooManyClasses": [Function],
          "withComponent": [Function],
        }
      }
      forwardedRef={null}
    >
      <div
        className="sc-bdVaJa cxEVoG"
      />
    </StyledComponent>
  </styled.div>
</Breadcrumb>
`;
