// Jest Snapshot v1, https://goo.gl/fbAQLP

exports[`ResultsPage should render 1`] = `
<ResultsPage>
  <styled.div>
    <StyledComponent
      forwardedComponent={
        Object {
          "$$typeof": Symbol(react.forward_ref),
          "attrs": Array [],
          "componentStyle": ComponentStyle {
            "componentId": "sc-dnqmqq",
            "isStatic": true,
            "lastClassName": "eWHIHI",
            "rules": Array [
              "
  width: 100%;
  background: ",
              "#eee",
              ";
  padding-bottom: 40px;
",
            ],
          },
          "displayName": "styled.div",
          "foldedComponentIds": Array [],
          "render": [Function],
          "styledComponentId": "sc-dnqmqq",
          "target": "div",
          "toString": [Function],
          "warnTooManyClasses": [Function],
          "withComponent": [Function],
        }
      }
      forwardedRef={null}
    >
      <div
        className="sc-dnqmqq eWHIHI"
      >
        <Results
          items={Array []}
        >
          <styled.div>
            <StyledComponent
              forwardedComponent={
                Object {
                  "$$typeof": Symbol(react.forward_ref),
                  "attrs": Array [],
                  "componentStyle": ComponentStyle {
                    "componentId": "sc-ifAKCX",
                    "isStatic": true,
                    "lastClassName": "dBJSQK",
                    "rules": Array [
                      "
  max-width: 1200px;
  width: 100%;
  margin: auto;
  background: ",
                      "#fff",
                      ";
  color: ",
                      "#333",
                      ";
",
                    ],
                  },
                  "displayName": "styled.div",
                  "foldedComponentIds": Array [],
                  "render": [Function],
                  "styledComponentId": "sc-ifAKCX",
                  "target": "div",
                  "toString": [Function],
                  "warnTooManyClasses": [Function],
                  "withComponent": [Function],
                }
              }
              forwardedRef={null}
            >
              <div
                className="sc-ifAKCX dBJSQK"
              />
            </StyledComponent>
          </styled.div>
        </Results>
      </div>
    </StyledComponent>
  </styled.div>
</ResultsPage>
`;
